{"level":"info","message":"[2025-03-21T15:06:24.198Z] GET /api/users","timestamp":"2025-03-21T15:06:24.200Z"}
{"level":"info","message":"[2025-03-21T15:06:53.946Z] PUT /api/users/38","timestamp":"2025-03-21T15:06:53.946Z"}
{"level":"info","message":"[2025-03-21T15:06:57.223Z] PUT /api/users/39","timestamp":"2025-03-21T15:06:57.223Z"}
{"level":"info","message":"[2025-03-21T15:07:13.800Z] PUT /api/users/3","timestamp":"2025-03-21T15:07:13.800Z"}
{"level":"info","message":"[2025-03-21T15:08:03.001Z] POST /api/register","timestamp":"2025-03-21T15:08:03.001Z"}
{"level":"info","message":"[2025-03-21T15:08:35.570Z] GET /api/users","timestamp":"2025-03-21T15:08:35.570Z"}
{"level":"info","message":"[2025-03-21T15:09:06.274Z] PUT /api/users/39","timestamp":"2025-03-21T15:09:06.274Z"}
{"level":"info","message":"[2025-03-21T15:12:06.189Z] POST /api/register","timestamp":"2025-03-21T15:12:06.190Z"}
{"level":"info","message":"[2025-03-21T15:12:36.863Z] POST /api/register","timestamp":"2025-03-21T15:12:36.863Z"}
{"level":"info","message":"[2025-03-21T15:12:45.907Z] POST /api/register","timestamp":"2025-03-21T15:12:45.907Z"}
{"level":"info","message":"[2025-03-21T15:12:49.636Z] POST /api/register","timestamp":"2025-03-21T15:12:49.636Z"}
{"level":"info","message":"[2025-03-21T15:23:38.267Z] POST /api/register","timestamp":"2025-03-21T15:23:38.268Z"}
{"level":"info","message":"[2025-03-21T15:24:25.960Z] POST /api/register","timestamp":"2025-03-21T15:24:25.961Z"}
{"level":"info","message":"[2025-03-21T15:25:27.446Z] POST /api/register","timestamp":"2025-03-21T15:25:27.447Z"}
{"level":"info","message":"[2025-03-21T15:27:18.497Z] POST /api/register","timestamp":"2025-03-21T15:27:18.497Z"}
{"level":"info","message":"[2025-03-21T16:21:56.345Z] GET /api/users","timestamp":"2025-03-21T16:21:56.346Z"}
{"level":"info","message":"[2025-03-21T16:49:25.486Z] GET /api/users","timestamp":"2025-03-21T16:49:25.487Z"}
{"level":"info","message":"[2025-03-21T16:49:35.417Z] GET /api/users","timestamp":"2025-03-21T16:49:35.417Z"}
{"level":"info","message":"[2025-03-21T16:50:06.271Z] POST /api/register","timestamp":"2025-03-21T16:50:06.271Z"}
{"level":"info","message":"[2025-03-21T16:50:13.041Z] GET /api/users","timestamp":"2025-03-21T16:50:13.042Z"}
{"level":"info","message":"[2025-03-21T16:50:55.746Z] GET /api/users","timestamp":"2025-03-21T16:50:55.747Z"}
{"level":"info","message":"[2025-03-21T19:43:41.115Z] GET /api/users","timestamp":"2025-03-21T19:43:41.116Z"}
{"level":"info","message":"[2025-03-21T19:43:52.077Z] GET /api/users","timestamp":"2025-03-21T19:43:52.077Z"}
{"level":"info","message":"[2025-03-21T19:44:03.164Z] POST /api/register","timestamp":"2025-03-21T19:44:03.164Z"}
{"level":"info","message":"[2025-03-21T19:44:29.839Z] GET /api/users","timestamp":"2025-03-21T19:44:29.839Z"}
{"level":"info","message":"[2025-03-21T19:45:57.668Z] GET /api/users","timestamp":"2025-03-21T19:45:57.670Z"}
{"level":"info","message":"[2025-03-21T19:46:00.235Z] GET /api/users","timestamp":"2025-03-21T19:46:00.235Z"}
{"level":"info","message":"[2025-03-21T19:47:23.731Z] GET /api/users","timestamp":"2025-03-21T19:47:23.732Z"}
{"level":"info","message":"[2025-03-21T23:46:48.424Z] GET /api/users","timestamp":"2025-03-21T23:46:48.426Z"}
{"level":"info","message":"[2025-03-21T23:47:13.245Z] POST /api/register","timestamp":"2025-03-21T23:47:13.245Z"}
{"level":"info","message":"[2025-03-21T23:48:00.431Z] GET /api/users","timestamp":"2025-03-21T23:48:00.431Z"}
{"level":"info","message":"[2025-03-21T23:48:17.226Z] DELETE /api/users/3","timestamp":"2025-03-21T23:48:17.226Z"}
{"level":"info","message":"[2025-03-21T23:48:23.561Z] DELETE /api/users/3","timestamp":"2025-03-21T23:48:23.561Z"}
{"level":"info","message":"[2025-03-21T23:48:26.191Z] GET /api/users","timestamp":"2025-03-21T23:48:26.191Z"}
{"level":"info","message":"[2025-03-21T23:48:30.276Z] GET /api/users","timestamp":"2025-03-21T23:48:30.276Z"}
{"level":"info","message":"[2025-03-21T23:48:31.006Z] GET /api/users","timestamp":"2025-03-21T23:48:31.006Z"}
{"level":"info","message":"[2025-03-21T23:48:31.606Z] GET /api/users","timestamp":"2025-03-21T23:48:31.606Z"}
{"level":"info","message":"[2025-03-21T23:48:32.215Z] GET /api/users","timestamp":"2025-03-21T23:48:32.215Z"}
{"level":"info","message":"[2025-03-21T23:48:32.729Z] GET /api/users","timestamp":"2025-03-21T23:48:32.729Z"}
{"level":"info","message":"[2025-03-21T23:48:33.288Z] GET /api/users","timestamp":"2025-03-21T23:48:33.288Z"}
{"level":"info","message":"[2025-03-21T23:48:33.959Z] GET /api/users","timestamp":"2025-03-21T23:48:33.959Z"}
{"level":"info","message":"[2025-03-25T04:44:21.633Z] GET /api/users","timestamp":"2025-03-25T04:44:21.634Z"}
{"level":"info","message":"[2025-03-25T05:36:40.962Z] GET /api/users","timestamp":"2025-03-25T05:36:40.965Z"}
{"level":"info","message":"[2025-03-26T22:05:04.305Z] GET /api/users","timestamp":"2025-03-26T22:05:04.306Z"}
{"level":"info","message":"[2025-03-26T22:05:14.424Z] PUT /api/users/39","timestamp":"2025-03-26T22:05:14.424Z"}
{"level":"info","message":"[2025-03-26T22:05:17.859Z] PUT /api/users/39","timestamp":"2025-03-26T22:05:17.859Z"}
{"level":"info","message":"[2025-03-26T22:05:54.914Z] POST /api/register","timestamp":"2025-03-26T22:05:54.914Z"}
{"level":"info","message":"[2025-03-26T22:06:01.005Z] GET /api/users","timestamp":"2025-03-26T22:06:01.005Z"}
{"level":"info","message":"[2025-03-26T22:06:27.657Z] PUT /api/users/5","timestamp":"2025-03-26T22:06:27.657Z"}
{"level":"info","message":"[2025-03-26T22:06:43.837Z] PUT /api/users/5","timestamp":"2025-03-26T22:06:43.837Z"}
{"level":"info","message":"[2025-03-26T22:06:47.582Z] GET /api/users","timestamp":"2025-03-26T22:06:47.582Z"}
{"level":"info","message":"[2025-03-26T22:42:03.107Z] GET /api/users","timestamp":"2025-03-26T22:42:03.107Z"}
{"level":"info","message":"[2025-03-26T23:20:06.409Z] GET /api/users","timestamp":"2025-03-26T23:20:06.410Z"}
{"level":"info","message":"[2025-03-26T23:24:14.571Z] GET /api-docs/","timestamp":"2025-03-26T23:24:14.572Z"}
{"level":"info","message":"[2025-03-26T23:24:14.614Z] GET /api-docs/swagger-ui.css","timestamp":"2025-03-26T23:24:14.614Z"}
{"level":"info","message":"[2025-03-26T23:24:14.617Z] GET /api-docs/swagger-ui-bundle.js","timestamp":"2025-03-26T23:24:14.617Z"}
{"level":"info","message":"[2025-03-26T23:24:14.620Z] GET /api-docs/swagger-ui-standalone-preset.js","timestamp":"2025-03-26T23:24:14.620Z"}
{"level":"info","message":"[2025-03-26T23:24:14.621Z] GET /api-docs/swagger-ui-init.js","timestamp":"2025-03-26T23:24:14.621Z"}
{"level":"info","message":"[2025-03-26T23:24:14.758Z] GET /","timestamp":"2025-03-26T23:24:14.758Z"}
{"level":"info","message":"[2025-03-26T23:24:14.762Z] GET /api-docs/favicon-32x32.png","timestamp":"2025-03-26T23:24:14.762Z"}
{"level":"info","message":"[2025-03-26T23:28:25.864Z] GET /api-docs/","timestamp":"2025-03-26T23:28:25.866Z"}
{"level":"info","message":"[2025-03-26T23:28:25.929Z] GET /api-docs/swagger-ui.css","timestamp":"2025-03-26T23:28:25.929Z"}
{"level":"info","message":"[2025-03-26T23:28:25.933Z] GET /api-docs/swagger-ui-bundle.js","timestamp":"2025-03-26T23:28:25.933Z"}
{"level":"info","message":"[2025-03-26T23:28:25.934Z] GET /api-docs/swagger-ui-standalone-preset.js","timestamp":"2025-03-26T23:28:25.934Z"}
{"level":"info","message":"[2025-03-26T23:28:25.935Z] GET /api-docs/swagger-ui-init.js","timestamp":"2025-03-26T23:28:25.935Z"}
{"level":"info","message":"[2025-03-26T23:31:07.348Z] GET /api-docs/","timestamp":"2025-03-26T23:31:07.351Z"}
{"level":"info","message":"[2025-03-26T23:31:07.428Z] GET /api-docs/swagger-ui.css","timestamp":"2025-03-26T23:31:07.428Z"}
{"level":"info","message":"[2025-03-26T23:31:07.432Z] GET /api-docs/swagger-ui-bundle.js","timestamp":"2025-03-26T23:31:07.432Z"}
{"level":"info","message":"[2025-03-26T23:31:07.433Z] GET /api-docs/swagger-ui-standalone-preset.js","timestamp":"2025-03-26T23:31:07.433Z"}
{"level":"info","message":"[2025-03-26T23:31:07.433Z] GET /api-docs/swagger-ui-init.js","timestamp":"2025-03-26T23:31:07.433Z"}
{"level":"info","message":"[2025-03-26T23:31:38.207Z] GET /api-docs/","timestamp":"2025-03-26T23:31:38.209Z"}
{"level":"info","message":"[2025-03-26T23:31:38.242Z] GET /api-docs/swagger-ui.css","timestamp":"2025-03-26T23:31:38.242Z"}
{"level":"info","message":"[2025-03-26T23:31:38.244Z] GET /api-docs/swagger-ui-bundle.js","timestamp":"2025-03-26T23:31:38.244Z"}
{"level":"info","message":"[2025-03-26T23:31:38.245Z] GET /api-docs/swagger-ui-init.js","timestamp":"2025-03-26T23:31:38.245Z"}
{"level":"info","message":"[2025-03-26T23:31:38.246Z] GET /api-docs/swagger-ui-standalone-preset.js","timestamp":"2025-03-26T23:31:38.246Z"}
{"level":"info","message":"[2025-03-26T23:32:26.029Z] GET /api-docs/","timestamp":"2025-03-26T23:32:26.031Z"}
{"level":"info","message":"[2025-03-26T23:32:26.096Z] GET /api-docs/swagger-ui.css","timestamp":"2025-03-26T23:32:26.096Z"}
{"level":"info","message":"[2025-03-26T23:32:26.099Z] GET /api-docs/swagger-ui-bundle.js","timestamp":"2025-03-26T23:32:26.099Z"}
{"level":"info","message":"[2025-03-26T23:32:26.101Z] GET /api-docs/swagger-ui-standalone-preset.js","timestamp":"2025-03-26T23:32:26.101Z"}
{"level":"info","message":"[2025-03-26T23:32:26.102Z] GET /api-docs/swagger-ui-init.js","timestamp":"2025-03-26T23:32:26.102Z"}
{"level":"info","message":"[2025-03-26T23:32:27.309Z] GET /api-docs/","timestamp":"2025-03-26T23:32:27.309Z"}
{"level":"info","message":"[2025-03-26T23:32:27.342Z] GET /api-docs/swagger-ui.css","timestamp":"2025-03-26T23:32:27.342Z"}
{"level":"info","message":"[2025-03-26T23:32:27.344Z] GET /api-docs/swagger-ui-bundle.js","timestamp":"2025-03-26T23:32:27.344Z"}
{"level":"info","message":"[2025-03-26T23:32:27.345Z] GET /api-docs/swagger-ui-standalone-preset.js","timestamp":"2025-03-26T23:32:27.345Z"}
{"level":"info","message":"[2025-03-26T23:32:27.347Z] GET /api-docs/swagger-ui-init.js","timestamp":"2025-03-26T23:32:27.347Z"}
{"level":"info","message":"[2025-03-26T23:35:01.886Z] GET /api-docs/","timestamp":"2025-03-26T23:35:01.888Z"}
{"level":"info","message":"[2025-03-26T23:35:01.928Z] GET /api-docs/swagger-ui.css","timestamp":"2025-03-26T23:35:01.928Z"}
{"level":"info","message":"[2025-03-26T23:35:01.930Z] GET /api-docs/swagger-ui-bundle.js","timestamp":"2025-03-26T23:35:01.930Z"}
{"level":"info","message":"[2025-03-26T23:35:01.935Z] GET /api-docs/swagger-ui-init.js","timestamp":"2025-03-26T23:35:01.935Z"}
{"level":"info","message":"[2025-03-26T23:35:01.936Z] GET /api-docs/swagger-ui-standalone-preset.js","timestamp":"2025-03-26T23:35:01.936Z"}
{"level":"info","message":"[2025-03-26T23:46:13.631Z] GET /api-docs/","timestamp":"2025-03-26T23:46:13.633Z"}
{"level":"info","message":"[2025-03-26T23:46:13.690Z] GET /api-docs/swagger-ui.css","timestamp":"2025-03-26T23:46:13.690Z"}
{"level":"info","message":"[2025-03-26T23:46:13.694Z] GET /api-docs/swagger-ui-bundle.js","timestamp":"2025-03-26T23:46:13.694Z"}
{"level":"info","message":"[2025-03-26T23:46:13.695Z] GET /api-docs/swagger-ui-init.js","timestamp":"2025-03-26T23:46:13.695Z"}
{"level":"info","message":"[2025-03-26T23:46:13.696Z] GET /api-docs/swagger-ui-standalone-preset.js","timestamp":"2025-03-26T23:46:13.696Z"}
{"level":"info","message":"[2025-03-26T23:49:30.891Z] GET /api-docs/","timestamp":"2025-03-26T23:49:30.893Z"}
{"level":"info","message":"[2025-03-26T23:49:30.970Z] GET /api-docs/swagger-ui.css","timestamp":"2025-03-26T23:49:30.970Z"}
{"level":"info","message":"[2025-03-26T23:49:30.974Z] GET /api-docs/swagger-ui-bundle.js","timestamp":"2025-03-26T23:49:30.974Z"}
{"level":"info","message":"[2025-03-26T23:49:30.976Z] GET /api-docs/swagger-ui-standalone-preset.js","timestamp":"2025-03-26T23:49:30.976Z"}
{"level":"info","message":"[2025-03-26T23:49:30.977Z] GET /api-docs/swagger-ui-init.js","timestamp":"2025-03-26T23:49:30.977Z"}
{"level":"info","message":"[2025-03-26T23:54:50.565Z] GET /api-docs/","timestamp":"2025-03-26T23:54:50.567Z"}
{"level":"info","message":"[2025-03-26T23:54:50.627Z] GET /api-docs/swagger-ui.css","timestamp":"2025-03-26T23:54:50.627Z"}
{"level":"info","message":"[2025-03-26T23:54:50.632Z] GET /api-docs/swagger-ui-bundle.js","timestamp":"2025-03-26T23:54:50.632Z"}
{"level":"info","message":"[2025-03-26T23:54:50.633Z] GET /api-docs/swagger-ui-standalone-preset.js","timestamp":"2025-03-26T23:54:50.633Z"}
{"level":"info","message":"[2025-03-26T23:54:50.634Z] GET /api-docs/swagger-ui-init.js","timestamp":"2025-03-26T23:54:50.634Z"}
{"level":"info","message":"[2025-04-02T04:44:14.654Z] GET /","timestamp":"2025-04-02T04:44:14.655Z"}
{"level":"info","message":"[2025-04-02T04:44:14.685Z] GET /favicon.ico","timestamp":"2025-04-02T04:44:14.685Z"}
{"level":"info","message":"[2025-04-02T04:44:18.276Z] GET /","timestamp":"2025-04-02T04:44:18.276Z"}
{"level":"info","message":"[2025-04-02T04:44:18.287Z] GET /favicon.ico","timestamp":"2025-04-02T04:44:18.287Z"}
{"level":"info","message":"[2025-04-02T04:44:28.537Z] GET /api-docs/","timestamp":"2025-04-02T04:44:28.537Z"}
{"level":"info","message":"[2025-04-02T04:44:28.565Z] GET /api-docs/swagger-ui.css","timestamp":"2025-04-02T04:44:28.565Z"}
{"level":"info","message":"[2025-04-02T04:44:28.571Z] GET /api-docs/swagger-ui-bundle.js","timestamp":"2025-04-02T04:44:28.571Z"}
{"level":"info","message":"[2025-04-02T04:44:28.572Z] GET /api-docs/swagger-ui-init.js","timestamp":"2025-04-02T04:44:28.572Z"}
{"level":"info","message":"[2025-04-02T04:44:28.574Z] GET /api-docs/swagger-ui-standalone-preset.js","timestamp":"2025-04-02T04:44:28.574Z"}
{"level":"info","message":"[2025-04-02T04:44:28.679Z] GET /api-docs/favicon-32x32.png","timestamp":"2025-04-02T04:44:28.679Z"}
{"level":"info","message":"[2025-04-02T04:47:14.000Z] GET /api-docs/","timestamp":"2025-04-02T04:47:14.002Z"}
{"level":"info","message":"[2025-04-02T04:47:14.031Z] GET /api-docs/swagger-ui.css","timestamp":"2025-04-02T04:47:14.031Z"}
{"level":"info","message":"[2025-04-02T04:47:14.033Z] GET /api-docs/swagger-ui-bundle.js","timestamp":"2025-04-02T04:47:14.033Z"}
{"level":"info","message":"[2025-04-02T04:47:14.033Z] GET /api-docs/swagger-ui-init.js","timestamp":"2025-04-02T04:47:14.033Z"}
{"level":"info","message":"[2025-04-02T04:47:14.036Z] GET /api-docs/swagger-ui-standalone-preset.js","timestamp":"2025-04-02T04:47:14.036Z"}
{"level":"info","message":"[2025-04-02T04:47:14.907Z] GET /api-docs/","timestamp":"2025-04-02T04:47:14.907Z"}
{"level":"info","message":"[2025-04-02T04:47:14.932Z] GET /api-docs/swagger-ui.css","timestamp":"2025-04-02T04:47:14.933Z"}
{"level":"info","message":"[2025-04-02T04:47:14.934Z] GET /api-docs/swagger-ui-bundle.js","timestamp":"2025-04-02T04:47:14.934Z"}
{"level":"info","message":"[2025-04-02T04:47:14.935Z] GET /api-docs/swagger-ui-standalone-preset.js","timestamp":"2025-04-02T04:47:14.935Z"}
{"level":"info","message":"[2025-04-02T04:47:14.938Z] GET /api-docs/swagger-ui-init.js","timestamp":"2025-04-02T04:47:14.938Z"}
{"level":"info","message":"[2025-04-02T04:47:33.254Z] GET /api-docs/","timestamp":"2025-04-02T04:47:33.254Z"}
{"level":"info","message":"[2025-04-02T04:47:33.293Z] GET /favicon.ico","timestamp":"2025-04-02T04:47:33.293Z"}
{"level":"info","message":"[2025-04-02T04:47:35.077Z] GET /api-docs/","timestamp":"2025-04-02T04:47:35.077Z"}
{"level":"info","message":"[2025-04-02T04:47:35.110Z] GET /favicon.ico","timestamp":"2025-04-02T04:47:35.110Z"}
{"level":"info","message":"[2025-04-02T04:47:35.785Z] GET /api-docs/","timestamp":"2025-04-02T04:47:35.785Z"}
{"level":"info","message":"[2025-04-02T04:47:35.810Z] GET /favicon.ico","timestamp":"2025-04-02T04:47:35.810Z"}
{"level":"info","message":"[2025-04-02T04:47:36.035Z] GET /api-docs/","timestamp":"2025-04-02T04:47:36.035Z"}
{"level":"info","message":"[2025-04-02T04:47:36.060Z] GET /favicon.ico","timestamp":"2025-04-02T04:47:36.060Z"}
{"level":"info","message":"[2025-04-02T04:47:36.217Z] GET /api-docs/","timestamp":"2025-04-02T04:47:36.217Z"}
{"level":"info","message":"[2025-04-02T04:47:36.244Z] GET /favicon.ico","timestamp":"2025-04-02T04:47:36.244Z"}
{"level":"info","message":"[2025-04-02T04:47:36.371Z] GET /api-docs/","timestamp":"2025-04-02T04:47:36.372Z"}
{"level":"info","message":"[2025-04-02T04:47:36.410Z] GET /favicon.ico","timestamp":"2025-04-02T04:47:36.410Z"}
{"level":"info","message":"[2025-04-02T04:47:38.998Z] GET /api-docs/","timestamp":"2025-04-02T04:47:38.998Z"}
{"level":"info","message":"[2025-04-02T04:47:39.026Z] GET /favicon.ico","timestamp":"2025-04-02T04:47:39.026Z"}
{"level":"info","message":"[2025-04-02T04:48:19.107Z] GET /api-docs","timestamp":"2025-04-02T04:48:19.107Z"}
{"level":"info","message":"[2025-04-02T04:48:19.181Z] GET /favicon.ico","timestamp":"2025-04-02T04:48:19.181Z"}
{"level":"info","message":"[2025-04-02T04:48:49.558Z] GET /api-docs","timestamp":"2025-04-02T04:48:49.560Z"}
{"level":"info","message":"[2025-04-02T04:48:49.572Z] GET /api-docs/","timestamp":"2025-04-02T04:48:49.572Z"}
{"level":"info","message":"[2025-04-02T04:48:49.598Z] GET /api-docs/swagger-ui.css","timestamp":"2025-04-02T04:48:49.598Z"}
{"level":"info","message":"[2025-04-02T04:48:49.603Z] GET /api-docs/swagger-ui-bundle.js","timestamp":"2025-04-02T04:48:49.603Z"}
{"level":"info","message":"[2025-04-02T04:48:49.604Z] GET /api-docs/swagger-ui-init.js","timestamp":"2025-04-02T04:48:49.604Z"}
{"level":"info","message":"[2025-04-02T04:48:49.616Z] GET /api-docs/swagger-ui-standalone-preset.js","timestamp":"2025-04-02T04:48:49.616Z"}
{"level":"info","message":"[2025-04-02T05:14:32.282Z] GET /api-docs/","timestamp":"2025-04-02T05:14:32.283Z"}
{"level":"info","message":"[2025-04-02T05:14:32.338Z] GET /api-docs/swagger-ui.css","timestamp":"2025-04-02T05:14:32.338Z"}
{"level":"info","message":"[2025-04-02T05:14:32.340Z] GET /api-docs/swagger-ui-bundle.js","timestamp":"2025-04-02T05:14:32.340Z"}
{"level":"info","message":"[2025-04-02T05:14:32.341Z] GET /api-docs/swagger-ui-init.js","timestamp":"2025-04-02T05:14:32.341Z"}
{"level":"info","message":"[2025-04-02T05:14:32.343Z] GET /api-docs/swagger-ui-standalone-preset.js","timestamp":"2025-04-02T05:14:32.343Z"}
{"level":"info","message":"[2025-04-02T05:14:32.430Z] GET /api-docs/favicon-32x32.png","timestamp":"2025-04-02T05:14:32.430Z"}
{"level":"info","message":"[2025-04-02T05:14:32.468Z] GET /","timestamp":"2025-04-02T05:14:32.468Z"}
{"level":"info","message":"[2025-04-02T05:14:37.020Z] GET /api-docs/","timestamp":"2025-04-02T05:14:37.020Z"}
{"level":"info","message":"[2025-04-02T05:14:37.049Z] GET /api-docs/swagger-ui-bundle.js","timestamp":"2025-04-02T05:14:37.049Z"}
{"level":"info","message":"[2025-04-02T05:14:37.053Z] GET /api-docs/swagger-ui-standalone-preset.js","timestamp":"2025-04-02T05:14:37.053Z"}
{"level":"info","message":"[2025-04-02T05:14:37.057Z] GET /api-docs/swagger-ui-init.js","timestamp":"2025-04-02T05:14:37.057Z"}
{"level":"info","message":"[2025-04-02T05:14:37.057Z] GET /api-docs/swagger-ui.css","timestamp":"2025-04-02T05:14:37.057Z"}
{"level":"info","message":"[2025-04-02T05:14:37.100Z] GET /api-docs/swagger-ui-init.js","timestamp":"2025-04-02T05:14:37.100Z"}
{"level":"info","message":"[2025-04-02T05:14:38.634Z] GET /api-docs/","timestamp":"2025-04-02T05:14:38.634Z"}
{"level":"info","message":"[2025-04-02T05:14:38.672Z] GET /favicon.ico","timestamp":"2025-04-02T05:14:38.672Z"}
{"level":"info","message":"[2025-04-02T05:14:40.028Z] GET /api-docs/","timestamp":"2025-04-02T05:14:40.029Z"}
{"level":"info","message":"[2025-04-02T05:14:40.064Z] GET /favicon.ico","timestamp":"2025-04-02T05:14:40.064Z"}
{"level":"info","message":"[2025-04-02T05:14:40.372Z] GET /api-docs/","timestamp":"2025-04-02T05:14:40.373Z"}
{"level":"info","message":"[2025-04-02T05:14:40.398Z] GET /favicon.ico","timestamp":"2025-04-02T05:14:40.398Z"}
{"level":"info","message":"[2025-04-02T05:14:40.623Z] GET /api-docs/","timestamp":"2025-04-02T05:14:40.623Z"}
{"level":"info","message":"[2025-04-02T05:14:40.653Z] GET /favicon.ico","timestamp":"2025-04-02T05:14:40.653Z"}
{"level":"info","message":"[2025-04-02T05:14:40.810Z] GET /api-docs/","timestamp":"2025-04-02T05:14:40.810Z"}
{"level":"info","message":"[2025-04-02T05:14:40.838Z] GET /favicon.ico","timestamp":"2025-04-02T05:14:40.838Z"}
{"level":"info","message":"[2025-04-02T05:14:40.965Z] GET /api-docs/","timestamp":"2025-04-02T05:14:40.965Z"}
{"level":"info","message":"[2025-04-02T05:14:40.998Z] GET /favicon.ico","timestamp":"2025-04-02T05:14:40.998Z"}
{"level":"info","message":"[2025-04-02T05:14:41.112Z] GET /api-docs/","timestamp":"2025-04-02T05:14:41.112Z"}
{"level":"info","message":"[2025-04-02T05:14:41.148Z] GET /favicon.ico","timestamp":"2025-04-02T05:14:41.148Z"}
{"level":"info","message":"[2025-04-02T05:16:34.393Z] GET /api-docs/","timestamp":"2025-04-02T05:16:34.395Z"}
{"level":"info","message":"[2025-04-02T05:16:34.434Z] GET /api-docs/swagger-ui.css","timestamp":"2025-04-02T05:16:34.434Z"}
{"level":"info","message":"[2025-04-02T05:16:34.436Z] GET /api-docs/swagger-ui-bundle.js","timestamp":"2025-04-02T05:16:34.436Z"}
{"level":"info","message":"[2025-04-02T05:16:34.437Z] GET /api-docs/swagger-ui-init.js","timestamp":"2025-04-02T05:16:34.437Z"}
{"level":"info","message":"[2025-04-02T05:16:34.441Z] GET /api-docs/swagger-ui-standalone-preset.js","timestamp":"2025-04-02T05:16:34.441Z"}
{"level":"info","message":"[2025-04-02T05:17:48.182Z] GET /api-docs/","timestamp":"2025-04-02T05:17:48.184Z"}
{"level":"info","message":"[2025-04-02T05:17:48.217Z] GET /api-docs/swagger-ui.css","timestamp":"2025-04-02T05:17:48.217Z"}
{"level":"info","message":"[2025-04-02T05:17:48.220Z] GET /api-docs/swagger-ui-bundle.js","timestamp":"2025-04-02T05:17:48.220Z"}
{"level":"info","message":"[2025-04-02T05:17:48.220Z] GET /api-docs/swagger-ui-init.js","timestamp":"2025-04-02T05:17:48.220Z"}
{"level":"info","message":"[2025-04-02T05:17:48.224Z] GET /api-docs/swagger-ui-standalone-preset.js","timestamp":"2025-04-02T05:17:48.224Z"}
{"level":"info","message":"[2025-04-02T05:19:18.044Z] GET /api-docs/","timestamp":"2025-04-02T05:19:18.045Z"}
{"level":"info","message":"[2025-04-02T05:19:18.100Z] GET /api-docs/swagger-ui.css","timestamp":"2025-04-02T05:19:18.100Z"}
{"level":"info","message":"[2025-04-02T05:19:18.106Z] GET /api-docs/swagger-ui-bundle.js","timestamp":"2025-04-02T05:19:18.106Z"}
{"level":"info","message":"[2025-04-02T05:19:18.107Z] GET /api-docs/swagger-ui-init.js","timestamp":"2025-04-02T05:19:18.107Z"}
{"level":"info","message":"[2025-04-02T05:19:18.109Z] GET /api-docs/swagger-ui-standalone-preset.js","timestamp":"2025-04-02T05:19:18.109Z"}
{"level":"info","message":"[2025-04-02T05:21:02.847Z] GET /api-docs/","timestamp":"2025-04-02T05:21:02.850Z"}
{"level":"info","message":"[2025-04-02T05:21:02.920Z] GET /api-docs/swagger-ui.css","timestamp":"2025-04-02T05:21:02.920Z"}
{"level":"info","message":"[2025-04-02T05:21:02.925Z] GET /api-docs/swagger-ui-bundle.js","timestamp":"2025-04-02T05:21:02.925Z"}
{"level":"info","message":"[2025-04-02T05:21:02.926Z] GET /api-docs/swagger-ui-init.js","timestamp":"2025-04-02T05:21:02.926Z"}
{"level":"info","message":"[2025-04-02T05:21:02.928Z] GET /api-docs/swagger-ui-standalone-preset.js","timestamp":"2025-04-02T05:21:02.928Z"}
{"level":"info","message":"[2025-04-02T05:21:03.006Z] GET /api-docs/favicon-32x32.png","timestamp":"2025-04-02T05:21:03.006Z"}
{"level":"info","message":"[2025-04-02T05:25:57.895Z] GET /api-docs/","timestamp":"2025-04-02T05:25:57.897Z"}
{"level":"info","message":"[2025-04-02T05:25:57.948Z] GET /api-docs/swagger-ui.css","timestamp":"2025-04-02T05:25:57.948Z"}
{"level":"info","message":"[2025-04-02T05:25:57.954Z] GET /api-docs/swagger-ui-bundle.js","timestamp":"2025-04-02T05:25:57.954Z"}
{"level":"info","message":"[2025-04-02T05:25:57.955Z] GET /api-docs/swagger-ui-init.js","timestamp":"2025-04-02T05:25:57.955Z"}
{"level":"info","message":"[2025-04-02T05:25:57.955Z] GET /api-docs/swagger-ui-standalone-preset.js","timestamp":"2025-04-02T05:25:57.955Z"}
{"level":"info","message":"[2025-04-02T05:31:14.376Z] GET /api-docs/","timestamp":"2025-04-02T05:31:14.378Z"}
{"level":"info","message":"[2025-04-02T05:31:14.420Z] GET /api-docs/swagger-ui.css","timestamp":"2025-04-02T05:31:14.420Z"}
{"level":"info","message":"[2025-04-02T05:31:14.426Z] GET /api-docs/swagger-ui-bundle.js","timestamp":"2025-04-02T05:31:14.426Z"}
{"level":"info","message":"[2025-04-02T05:31:14.428Z] GET /api-docs/swagger-ui-init.js","timestamp":"2025-04-02T05:31:14.428Z"}
{"level":"info","message":"[2025-04-02T05:31:14.429Z] GET /api-docs/swagger-ui-standalone-preset.js","timestamp":"2025-04-02T05:31:14.429Z"}
{"level":"info","message":"[2025-04-02T05:33:37.458Z] GET /api-docs/","timestamp":"2025-04-02T05:33:37.459Z"}
{"level":"info","message":"[2025-04-02T05:33:37.482Z] GET /api-docs/swagger-ui.css","timestamp":"2025-04-02T05:33:37.484Z"}
{"level":"info","message":"[2025-04-02T05:33:37.485Z] GET /api-docs/swagger-ui-bundle.js","timestamp":"2025-04-02T05:33:37.485Z"}
{"level":"info","message":"[2025-04-02T05:33:37.489Z] GET /api-docs/swagger-ui-standalone-preset.js","timestamp":"2025-04-02T05:33:37.489Z"}
{"level":"info","message":"[2025-04-02T05:33:37.491Z] GET /api-docs/swagger-ui-init.js","timestamp":"2025-04-02T05:33:37.491Z"}
{"level":"info","message":"[2025-04-02T05:39:34.104Z] GET /api-docs/","timestamp":"2025-04-02T05:39:34.107Z"}
{"level":"info","message":"[2025-04-02T05:39:34.145Z] GET /api-docs/swagger-ui.css","timestamp":"2025-04-02T05:39:34.145Z"}
{"level":"info","message":"[2025-04-02T05:39:34.150Z] GET /api-docs/swagger-ui-bundle.js","timestamp":"2025-04-02T05:39:34.150Z"}
{"level":"info","message":"[2025-04-02T05:39:34.150Z] GET /api-docs/swagger-ui-init.js","timestamp":"2025-04-02T05:39:34.150Z"}
{"level":"info","message":"[2025-04-02T05:39:34.154Z] GET /api-docs/swagger-ui-standalone-preset.js","timestamp":"2025-04-02T05:39:34.154Z"}
{"level":"info","message":"[2025-04-02T05:40:02.094Z] GET /api/users","timestamp":"2025-04-02T05:40:02.094Z"}
{"level":"info","message":"[2025-04-02T05:40:09.557Z] GET /api/users","timestamp":"2025-04-02T05:40:09.558Z"}
{"level":"info","message":"[2025-04-02T05:40:42.179Z] GET /api-docs/","timestamp":"2025-04-02T05:40:42.181Z"}
{"level":"info","message":"[2025-04-02T05:40:42.220Z] GET /api-docs/swagger-ui.css","timestamp":"2025-04-02T05:40:42.220Z"}
{"level":"info","message":"[2025-04-02T05:40:42.225Z] GET /api-docs/swagger-ui-bundle.js","timestamp":"2025-04-02T05:40:42.225Z"}
{"level":"info","message":"[2025-04-02T05:40:42.227Z] GET /api-docs/swagger-ui-init.js","timestamp":"2025-04-02T05:40:42.227Z"}
{"level":"info","message":"[2025-04-02T05:40:42.230Z] GET /api-docs/swagger-ui-standalone-preset.js","timestamp":"2025-04-02T05:40:42.230Z"}
{"level":"info","message":"[2025-04-02T05:41:33.128Z] GET /api-docs/","timestamp":"2025-04-02T05:41:33.130Z"}
{"level":"info","message":"[2025-04-02T05:41:33.168Z] GET /api-docs/swagger-ui.css","timestamp":"2025-04-02T05:41:33.168Z"}
{"level":"info","message":"[2025-04-02T05:41:33.177Z] GET /api-docs/swagger-ui-bundle.js","timestamp":"2025-04-02T05:41:33.177Z"}
{"level":"info","message":"[2025-04-02T05:41:33.180Z] GET /api-docs/swagger-ui-init.js","timestamp":"2025-04-02T05:41:33.180Z"}
{"level":"info","message":"[2025-04-02T05:41:33.181Z] GET /api-docs/swagger-ui-standalone-preset.js","timestamp":"2025-04-02T05:41:33.181Z"}
{"level":"info","message":"[2025-04-02T05:42:04.421Z] GET /api/users","timestamp":"2025-04-02T05:42:04.422Z"}
{"level":"info","message":"[2025-04-02T05:42:14.563Z] GET /api/users","timestamp":"2025-04-02T05:42:14.563Z"}
{"level":"info","message":"[2025-04-02T05:43:03.777Z] GET /api/users","timestamp":"2025-04-02T05:43:03.778Z"}
{"level":"info","message":"[2025-04-02T05:43:37.965Z] GET /api/users","timestamp":"2025-04-02T05:43:37.965Z"}
{"level":"info","message":"[2025-04-02T05:43:40.588Z] GET /api/users","timestamp":"2025-04-02T05:43:40.588Z"}
{"level":"info","message":"[2025-04-02T05:43:41.281Z] GET /api/users","timestamp":"2025-04-02T05:43:41.281Z"}
{"level":"info","message":"[2025-04-02T05:43:43.307Z] GET /api/users","timestamp":"2025-04-02T05:43:43.307Z"}
{"level":"info","message":"[2025-04-02T05:43:43.976Z] GET /api/users","timestamp":"2025-04-02T05:43:43.976Z"}
{"level":"info","message":"[2025-04-02T05:43:44.289Z] GET /api/users","timestamp":"2025-04-02T05:43:44.289Z"}
{"level":"info","message":"[2025-04-02T05:43:44.523Z] GET /api/users","timestamp":"2025-04-02T05:43:44.523Z"}
{"level":"info","message":"[2025-04-02T05:43:44.712Z] GET /api/users","timestamp":"2025-04-02T05:43:44.712Z"}
{"level":"info","message":"[2025-04-02T05:43:44.888Z] GET /api/users","timestamp":"2025-04-02T05:43:44.888Z"}
{"level":"info","message":"[2025-04-02T05:43:45.090Z] GET /api/users","timestamp":"2025-04-02T05:43:45.090Z"}
{"level":"info","message":"[2025-04-02T17:48:47.574Z] GET /api-docs/","timestamp":"2025-04-02T17:48:47.575Z"}
{"level":"info","message":"[2025-04-02T17:48:47.655Z] GET /api-docs/swagger-ui.css","timestamp":"2025-04-02T17:48:47.655Z"}
{"level":"info","message":"[2025-04-02T17:48:47.660Z] GET /api-docs/swagger-ui-bundle.js","timestamp":"2025-04-02T17:48:47.660Z"}
{"level":"info","message":"[2025-04-02T17:48:47.661Z] GET /api-docs/swagger-ui-standalone-preset.js","timestamp":"2025-04-02T17:48:47.661Z"}
{"level":"info","message":"[2025-04-02T17:48:47.661Z] GET /api-docs/swagger-ui-init.js","timestamp":"2025-04-02T17:48:47.661Z"}
{"level":"info","message":"[2025-04-02T17:48:47.742Z] GET /api-docs/favicon-32x32.png","timestamp":"2025-04-02T17:48:47.742Z"}
{"level":"info","message":"[2025-04-02T17:49:39.943Z] GET /api/users","timestamp":"2025-04-02T17:49:39.943Z"}
